// Jest Snapshot v1, https://goo.gl/fbAQLP

exports[`school init should instantiate an autocomplete 1`] = `
<div
  id="outer-container"
>
  
           
  <input
    id="publish-schools-search-form-query-field"
    type="text"
  />
  
           
  <div
    id="school-autocomplete"
  />
  
         
</div>
`;
